<?xml version="1.0" encoding="utf-8"?><testsuites><testsuite name="pytest" errors="0" failures="0" skipped="0" tests="32" time="12.534" timestamp="2026-05-08T11:56:27.419968+03:00" hostname="WIN-FNRE0B4RT2L"><testcase classname="tests.api.test_http_methods" name="test_head_users_returns_no_body" time="0.484" /><testcase classname="tests.api.test_http_methods" name="test_options_users_returns_no_body" time="0.077" /><testcase classname="tests.api.test_status_codes" name="test_status_endpoint_returns_requested_code[200 OK]" time="0.036" /><testcase classname="tests.api.test_status_codes" name="test_status_endpoint_returns_requested_code[201 Created]" time="0.037" /><testcase classname="tests.api.test_status_codes" name="test_status_endpoint_returns_requested_code[204 No Content]" time="0.035" /><testcase classname="tests.api.test_status_codes" name="test_status_endpoint_returns_requested_code[301 Moved Permanently]" time="0.037" /><testcase classname="tests.api.test_status_codes" name="test_status_endpoint_returns_requested_code[302 Found]" time="0.035" /><testcase classname="tests.api.test_status_codes" name="test_status_endpoint_returns_requested_code[400 Bad Request]" time="0.035" /><testcase classname="tests.api.test_status_codes" name="test_status_endpoint_returns_requested_code[401 Unauthorized]" time="0.036" /><testcase classname="tests.api.test_status_codes" name="test_status_endpoint_returns_requested_code[403 Forbidden]" time="0.036" /><testcase classname="tests.api.test_status_codes" name="test_status_endpoint_returns_requested_code[404 Not Found]" time="0.035" /><testcase classname="tests.api.test_status_codes" name="test_status_endpoint_returns_requested_code[422 Unprocessable Entity]" time="0.036" /><testcase classname="tests.api.test_status_codes" name="test_status_endpoint_returns_requested_code[500 Internal Server Error]" time="0.035" /><testcase classname="tests.api.test_status_codes" name="test_status_endpoint_returns_requested_code[503 Service Unavailable]" time="0.035" /><testcase classname="tests.api.test_users_create" name="test_create_user_returns_created_user" time="0.035" /><testcase classname="tests.api.test_users_create" name="test_create_user_validation_errors[empty-name]" time="0.037" /><testcase classname="tests.api.test_users_create" name="test_create_user_validation_errors[empty-email]" time="0.035" /><testcase classname="tests.api.test_users_delete" name="test_delete_user_returns_no_content" time="0.062" /><testcase classname="tests.api.test_users_delete" name="test_deleted_user_is_not_available" time="0.087" /><testcase classname="tests.api.test_users_list" name="test_get_users_returns_default_session_users" time="0.036" /><testcase classname="tests.api.test_users_read" name="test_get_user_by_id_returns_created_user" time="0.062" /><testcase classname="tests.api.test_users_read" name="test_get_missing_user_returns_404" time="0.035" /><testcase classname="tests.api.test_users_update" name="test_put_user_replaces_all_fields" time="0.065" /><testcase classname="tests.api.test_users_update" name="test_patch_user_updates_only_name" time="0.065" /><testcase classname="tests.ui.test_page_controls" name="test_lesson_page_has_main_controls[chromium]" time="1.090" /><testcase classname="tests.ui.test_status_buttons" name="test_422_status_button_displays_client_error[chromium]" time="0.552" /><testcase classname="tests.ui.test_status_buttons" name="test_204_status_button_displays_empty_body[chromium]" time="0.458" /><testcase classname="tests.ui.test_users_create" name="test_post_user_autofills_id_and_enables_crud_buttons[chromium]" time="1.904" /><testcase classname="tests.ui.test_users_delete" name="test_delete_user_displays_no_content[chromium]" time="1.982" /><testcase classname="tests.ui.test_users_get" name="test_get_users_displays_request_and_response[chromium]" time="0.501" /><testcase classname="tests.ui.test_users_get" name="test_get_deleted_user_displays_not_found[chromium]" time="2.113" /><testcase classname="tests.ui.test_users_update" name="test_patch_user_updates_name[chromium]" time="2.372" /></testsuite></testsuites>